
> next-admission-erp@0.1.0 build
> next build

   Γû▓ Next.js 15.5.18

   Creating an optimized production build ...
 Γ£ô Compiled successfully in 2.2s
   Linting and checking validity of types ...
   Collecting page data ...
   Generating static pages (0/5) ...
   Generating static pages (1/5) 
   Generating static pages (2/5) 
   Generating static pages (3/5) 
 Γ£ô Generating static pages (5/5)
   Finalizing page optimization ...
   Collecting build traces ...

Route (app)                                 Size  First Load JS
Γöî Γùï /                                      120 B         103 kB
Γö£ Γùï /_not-found                            996 B         103 kB
Γöö Γùï /enrollment                           3.9 kB         106 kB
+ First Load JS shared by all             102 kB
  Γö£ chunks/255-4f84124391a7dac4.js       46.3 kB
  Γö£ chunks/4bd1b696-c023c6e3521b1417.js  54.2 kB
  Γöö other shared chunks (total)          1.96 kB


Γùï  (Static)  prerendered as static content

